// Jest Snapshot v1, https://goo.gl/fbAQLP

exports[`selectors.css 1`] = `
.a,.b,.c {}
.r { &, &:hover {} }

@media (min-width: 0px) {
  .a,.b,:not(asdasldaskdhjkashdahsdkjahskdjhakj,asdasldaskdhjkashdahsdkjahskdjhakj) {color: red}
}

.asdasldaskdhjkashdahsdkjahskdjhakjsdkjahsdhkas .asdasldaskdhjkashdahsdkjahskdjhakjsdkjahsdhkas,
.asdasldaskdhjkashdahsdkjahskdjhakjsdkjahsdhkas .asdasldaskdhjkashdahsdkjahskdjhakjsdkjahsdhkas {}
.asdasldaskdhjkashdahsdkjahskdjhakjsdkjahsdhkas
.asdasldaskdhjkashdahsdkjahskdjhakjsdkjahsdhkas,
.asdasldaskdhjkashdahsdkjahskdjhakjsdkjahsdhkas
.asdasldaskdhjkashdahsdkjahskdjhakjsdkjahsdhkas
{}
.asdasldaskdhjkashdahsdkjahskdjhakjsdkjahsdhkas

.asdasldaskdhjkashdahsdkjahskdjhakjsdkjahsdhkas,

.asdasldaskdhjkashdahsdkjahskdjhakjsdkjahsdhkas

.asdasldaskdhjkashdahsdkjahskdjhakjsdkjahsdhkas

{}

.parent,.another-parent{}
.parent ,.another-parent{}
.parent, .another-parent{}
.parent , .another-parent {}
.parent  ,  .another-parent  {}
.parent
,
.another-parent
{}

.parent.child {}
.parent .child {}
.parent  .child {}
.parent {
  .child-one {}
  .child-two {}
}
.parent{
.child-one  {}
.child-two  {}
}
.parent  {
  .child-one  {}
  .child-two  {}
}
.parent   {
   .child-one  {}
   .child-two  {}
}
.parent
{
  .child-one
  {}
  .child-two
  {}
}
.parent

{
  .child-one

  {}
  .child-two

  {}
}

.parent>.child {}
.parent > .child {}
.parent  >  .child {}
.parent>{
  .child-one {}
  .child-two {}
}
.parent > {
  .child-one {}
  .child-two {}
}
.parent  >  {
  .child-one {}
  .child-two {}
}
.parent
>
{
  .child-one
  {}
  .child-two
  {}
}
.parent

>

{
  .child-one

  {}
  .child-two

  {}
}
.parent {
>.child-one {}
>.child-two {}
}
.parent {
 > .child-one {}
 > .child-two {}
}
.parent {
  > .child-one {}
  > .child-two {}
}
.parent {
  >  .child-one {}
  >  .child-two {}
}
.parent {
   >   .child-one {}
   >   .child-two {}
}

.parent+.child {}
.parent + .child {}
.parent  +  .child {}
.parent+{
  .child-one {}
  .child-two {}
}
.parent + {
  .child-one {}
  .child-two {}
}
.parent  +  {
  .child-one {}
  .child-two {}
}
.parent
+
{
  .child-one
  {}
  .child-two
  {}
}
.parent

+

{
  .child-one

  {}
  .child-two

  {}
}
.parent {
+.child-one {}
+.child-two {}
}
.parent {
 + .child-one {}
 + .child-two {}
}
.parent {
  + .child-one {}
  + .child-two {}
}
.parent {
  +  .child-one {}
  +  .child-two {}
}
.parent {
   +   .child-one {}
   +   .child-two {}
}

.parent~.child {}
.parent ~ .child {}
.parent  ~  .child {}
.parent~{
  .child-one {}
  .child-two {}
}
.parent ~ {
  .child-one {}
  .child-two {}
}
.parent  ~  {
  .child-one {}
  .child-two {}
}
.parent
~
{
  .child-one
  {}
  .child-two
  {}
}
.parent

~

{
  .child-one

  {}
  .child-two

  {}
}
.parent {
~.child-one {}
~.child-two {}
}
.parent {
 ~ .child-one {}
 ~ .child-two {}
}
.parent {
  ~ .child-one {}
  ~ .child-two {}
}
.parent {
  ~  .child-one {}
  ~  .child-two {}
}
.parent {
   ~   .child-one {}
   ~   .child-two {}
}

.parent>>>.child {}
.parent >>> .child {}
.parent  >>>  .child {}
.parent>>>{
  .child-one {}
  .child-two {}
}
.parent >>> {
  .child-one {}
  .child-two {}
}
.parent  >>>  {
  .child-one {}
  .child-two {}
}
.parent
>>>
{
  .child-one
  {}
  .child-two
  {}
}
.parent

>>>

{
  .child-one

  {}
  .child-two

  {}
}
.parent {
>>>.child-one {}
>>>.child-two {}
}
.parent {
 >>> .child-one {}
 >>> .child-two {}
}
.parent {
  >>> .child-one {}
  >>> .child-two {}
}
.parent {
  >>>  .child-one {}
  >>>  .child-two {}
}
.parent {
   >>>   .child-one {}
   >>>   .child-two {}
}
~~~~~~~~~~~~~~~~~~~~~~~~~~~~~~~~~~~~~~~~~~~~~~~~~~~~~~~~~~~~~~~~~~~~~~~~~~~~~~~~
.a,
.b,
.c {
}
.r {
  &,
  &:hover {
  }
}

@media (min-width: 0px) {
  .a,
  .b,
  :not(asdasldaskdhjkashdahsdkjahskdjhakj, asdasldaskdhjkashdahsdkjahskdjhakj) {
    color: red;
  }
}

.asdasldaskdhjkashdahsdkjahskdjhakjsdkjahsdhkas
  .asdasldaskdhjkashdahsdkjahskdjhakjsdkjahsdhkas,
.asdasldaskdhjkashdahsdkjahskdjhakjsdkjahsdhkas
  .asdasldaskdhjkashdahsdkjahskdjhakjsdkjahsdhkas {
}
.asdasldaskdhjkashdahsdkjahskdjhakjsdkjahsdhkas
  .asdasldaskdhjkashdahsdkjahskdjhakjsdkjahsdhkas,
.asdasldaskdhjkashdahsdkjahskdjhakjsdkjahsdhkas
  .asdasldaskdhjkashdahsdkjahskdjhakjsdkjahsdhkas {
}
.asdasldaskdhjkashdahsdkjahskdjhakjsdkjahsdhkas
  .asdasldaskdhjkashdahsdkjahskdjhakjsdkjahsdhkas,
.asdasldaskdhjkashdahsdkjahskdjhakjsdkjahsdhkas
  .asdasldaskdhjkashdahsdkjahskdjhakjsdkjahsdhkas {
}

.parent,
.another-parent {
}
.parent,
.another-parent {
}
.parent,
.another-parent {
}
.parent,
.another-parent {
}
.parent,
.another-parent {
}
.parent,
.another-parent {
}

.parent.child {
}
.parent .child {
}
.parent .child {
}
.parent {
  .child-one {
  }
  .child-two {
  }
}
.parent {
  .child-one {
  }
  .child-two {
  }
}
.parent {
  .child-one {
  }
  .child-two {
  }
}
.parent {
  .child-one {
  }
  .child-two {
  }
}
.parent {
  .child-one {
  }
  .child-two {
  }
}
.parent {
  .child-one {
  }
  .child-two {
  }
}

.parent > .child {
}
.parent > .child {
}
.parent > .child {
}
.parent > {
  .child-one {
  }
  .child-two {
  }
}
.parent > {
  .child-one {
  }
  .child-two {
  }
}
.parent > {
  .child-one {
  }
  .child-two {
  }
}
.parent > {
  .child-one {
  }
  .child-two {
  }
}
.parent > {
  .child-one {
  }
  .child-two {
  }
}
.parent {
  > .child-one {
  }
  > .child-two {
  }
}
.parent {
  > .child-one {
  }
  > .child-two {
  }
}
.parent {
  > .child-one {
  }
  > .child-two {
  }
}
.parent {
  > .child-one {
  }
  > .child-two {
  }
}
.parent {
  > .child-one {
  }
  > .child-two {
  }
}

.parent + .child {
}
.parent + .child {
}
.parent + .child {
}
.parent + {
  .child-one {
  }
  .child-two {
  }
}
.parent + {
  .child-one {
  }
  .child-two {
  }
}
.parent + {
  .child-one {
  }
  .child-two {
  }
}
.parent + {
  .child-one {
  }
  .child-two {
  }
}
.parent + {
  .child-one {
  }
  .child-two {
  }
}
.parent {
  + .child-one {
  }
  + .child-two {
  }
}
.parent {
  + .child-one {
  }
  + .child-two {
  }
}
.parent {
  + .child-one {
  }
  + .child-two {
  }
}
.parent {
  + .child-one {
  }
  + .child-two {
  }
}
.parent {
  + .child-one {
  }
  + .child-two {
  }
}

.parent ~ .child {
}
.parent ~ .child {
}
.parent ~ .child {
}
.parent ~ {
  .child-one {
  }
  .child-two {
  }
}
.parent ~ {
  .child-one {
  }
  .child-two {
  }
}
.parent ~ {
  .child-one {
  }
  .child-two {
  }
}
.parent ~ {
  .child-one {
  }
  .child-two {
  }
}
.parent ~ {
  .child-one {
  }
  .child-two {
  }
}
.parent {
  ~ .child-one {
  }
  ~ .child-two {
  }
}
.parent {
  ~ .child-one {
  }
  ~ .child-two {
  }
}
.parent {
  ~ .child-one {
  }
  ~ .child-two {
  }
}
.parent {
  ~ .child-one {
  }
  ~ .child-two {
  }
}
.parent {
  ~ .child-one {
  }
  ~ .child-two {
  }
}

.parent >>> .child {
}
.parent >>> .child {
}
.parent >>> .child {
}
.parent >>> {
  .child-one {
  }
  .child-two {
  }
}
.parent >>> {
  .child-one {
  }
  .child-two {
  }
}
.parent >>> {
  .child-one {
  }
  .child-two {
  }
}
.parent >>> {
  .child-one {
  }
  .child-two {
  }
}
.parent >>> {
  .child-one {
  }
  .child-two {
  }
}
.parent {
  >>> .child-one {
  }
  >>> .child-two {
  }
}
.parent {
  >>> .child-one {
  }
  >>> .child-two {
  }
}
.parent {
  >>> .child-one {
  }
  >>> .child-two {
  }
}
.parent {
  >>> .child-one {
  }
  >>> .child-two {
  }
}
.parent {
  >>> .child-one {
  }
  >>> .child-two {
  }
}

`;
