// Jest Snapshot v1, https://goo.gl/fbAQLP

exports[`block.css 1`] = `
// Animation definitions cannot cross the shadow boundary,
// and thus need to be loaded directly into the atom-text-editor scope.
/* Kikoo */
/**
 * Kikoo
 */
~~~~~~~~~~~~~~~~~~~~~~~~~~~~~~~~~~~~~~~~~~~~~~~~~~~~~~~~~~~~~~~~~~~~~~~~~~~~~~~~
// Animation definitions cannot cross the shadow boundary,
// and thus need to be loaded directly into the atom-text-editor scope.
/* Kikoo */
/**
 * Kikoo
 */

`;

exports[`bug.css 1`] = `
@font-face  {
  src: url(if(
    $bootstrap-sass-asset-helper,
    twbs-font-path('#{$icon-font-path}#{$icon-font-name}.eot'),
    '#{$icon-font-path}#{$icon-font-name}.eot'
  ));
}

// Catchall baseclass
/* Catchall baseclass */
.glyphicon {
}
~~~~~~~~~~~~~~~~~~~~~~~~~~~~~~~~~~~~~~~~~~~~~~~~~~~~~~~~~~~~~~~~~~~~~~~~~~~~~~~~
@font-face {
  src: url(if(
    $bootstrap-sass-asset-helper,
    twbs-font-path("#{$icon-font-path}#{$icon-font-name}.eot"),
    "#{$icon-font-path}#{$icon-font-name}.eot"
  ));
}

// Catchall baseclass
/* Catchall baseclass */
.glyphicon {
}

`;

exports[`declaration.css 1`] = `
a {
    /* comment 1 */
    /* comment 2 */ padding /* comment 3 */ : /* comment 4 */ 10px /* comment 5 */ 10px /* comment 6 */; /* comment 7 */
    /* comment 8 */
    transform: translate(/* comment 9 */ 10px /* comment 10 */);
    color: /* comment 11 */ red /* comment 12 */ !important /* comment 13 */ ; /* comment 14 */
    /* comment 15 */
}
~~~~~~~~~~~~~~~~~~~~~~~~~~~~~~~~~~~~~~~~~~~~~~~~~~~~~~~~~~~~~~~~~~~~~~~~~~~~~~~~
a {
  /* comment 1 */
  /* comment 2 */
  padding/* comment 3 */ : /* comment 4 */ 10px /* comment 5 */ 10px
    /* comment 6 */; /* comment 7 */
  /* comment 8 */
  transform: translate(/* comment 9 */ 10px /* comment 10 */);
  color: /* comment 11 */ red /* comment 12 */ !important /* comment 13 */ ; /* comment 14 */
  /* comment 15 */
}

`;

exports[`places.css 1`] = `
div {
  // a

  margin-left: -@leftMargin; // b
} // c

// d
div {}
~~~~~~~~~~~~~~~~~~~~~~~~~~~~~~~~~~~~~~~~~~~~~~~~~~~~~~~~~~~~~~~~~~~~~~~~~~~~~~~~
div {
  // a

  margin-left: -@leftMargin; // b
} // c

// d
div {
}

`;

exports[`prettier-ignore.css 1`] = `
// prettier-ignore
@blue:  blue;
@black: darkgray;

foo {
  /* prettier-ignore */
  thing:     foo;
  -ms-thing: foo;
}
~~~~~~~~~~~~~~~~~~~~~~~~~~~~~~~~~~~~~~~~~~~~~~~~~~~~~~~~~~~~~~~~~~~~~~~~~~~~~~~~
// prettier-ignore
@blue:  blue;
@black: darkgray;

foo {
  /* prettier-ignore */
  thing:     foo;
  -ms-thing: foo;
}

`;

exports[`selector.css 1`] = `
.powerPathNavigator .helm button.pressedButton, /* pressed buttons */
.powerPathNavigator .helm button:active:not(.disabledButton),
.powerPathNavigator table.powerPathInfo th:active,
.powerPathNavigator table.powerPathInfo th:active + th:last-child {
}

/* pressed buttons */
.powerPathNavigator .helm button.pressedButton,
.powerPathNavigator .helm button:active:not(.disabledButton) {
}
~~~~~~~~~~~~~~~~~~~~~~~~~~~~~~~~~~~~~~~~~~~~~~~~~~~~~~~~~~~~~~~~~~~~~~~~~~~~~~~~
.powerPathNavigator .helm button.pressedButton, /* pressed buttons */
.powerPathNavigator .helm button:active:not(.disabledButton),
.powerPathNavigator table.powerPathInfo th:active,
.powerPathNavigator table.powerPathInfo th:active + th:last-child {
}

/* pressed buttons */
.powerPathNavigator .helm button.pressedButton,
.powerPathNavigator .helm button:active:not(.disabledButton) {
}

`;

exports[`selectors.scss 1`] = `
.foo,
// Comment.
.bar {
  display: block;
}
~~~~~~~~~~~~~~~~~~~~~~~~~~~~~~~~~~~~~~~~~~~~~~~~~~~~~~~~~~~~~~~~~~~~~~~~~~~~~~~~
.foo,
// Comment.
.bar {
  display: block;
}

`;

exports[`trailing_star_slash.css 1`] = `
@media (max-width: 1) {}
a {
  // element.style */
}
~~~~~~~~~~~~~~~~~~~~~~~~~~~~~~~~~~~~~~~~~~~~~~~~~~~~~~~~~~~~~~~~~~~~~~~~~~~~~~~~
@media (max-width: 1) {
}
a {
  // element.style */
}

`;

exports[`variable-declaration.scss 1`] = `
$var: /* comment 1 */ all /* comment 2 */ !default /* comment 3 */ ; /* comment 4 */

@mixin text-color {
  /* comment 5 */
  /* comment 6 */ $text-color /* comment 7 */ : /* comment 8 */ red /* comment 9 */ !default /* comment 10 */ ; /* comment 11 */
  /* comment 12 */
  color: $text-color;
}

.error {
  /* comment 13 */
  /* comment 14 */ $text-color /* comment 15 */ : /* comment 16 */ green /* comment 17 */ !global /* comment 18 */ ; /* comment 19 */
  /* comment 20 */
}
~~~~~~~~~~~~~~~~~~~~~~~~~~~~~~~~~~~~~~~~~~~~~~~~~~~~~~~~~~~~~~~~~~~~~~~~~~~~~~~~
$var: /* comment 1 */ all /* comment 2 */ !default /* comment 3 */ ; /* comment 4 */

@mixin text-color {
  /* comment 5 */
  /* comment 6 */
  $text-color/* comment 7 */ : /* comment 8 */ red /* comment 9 */ !default /* comment 10 */ ; /* comment 11 */
  /* comment 12 */
  color: $text-color;
}

.error {
  /* comment 13 */
  /* comment 14 */
  $text-color/* comment 15 */ : /* comment 16 */ green /* comment 17 */ !global /* comment 18 */ ; /* comment 19 */
  /* comment 20 */
}

`;
